[1mcdu ✦[0m  charm disk usage                                                                                           /bench
────────────────────────────────────────────────────────────────────────────────────────────────────────────────────────
[1m▌[0m[7m·   28.0 KiB some-reasonably-long-file-name-h                                                                       88%[0m
[1m▌[0m             █████████████████████████████████████████████████████████████████████████████████████████████░░░░░░░░░░░░░
 ·   24.0 KiB some-reasonably-long-file-name-g                                                                       75%
              ████████████████████████████████████████████████████████████████████████████████░░░░░░░░░░░░░░░░░░░░░░░░░░
 ·   20.0 KiB some-reasonably-long-file-name-f                                                                       62%
              ██████████████████████████████████████████████████████████████████░░░░░░░░░░░░░░░░░░░░░░░░░░░░░░░░░░░░░░░░
 ·   16.0 KiB some-reasonably-long-file-name-e                                                                       50%
              █████████████████████████████████████████████████████░░░░░░░░░░░░░░░░░░░░░░░░░░░░░░░░░░░░░░░░░░░░░░░░░░░░░
 ·   12.0 KiB some-reasonably-long-file-name-d                                                                       38%
              ████████████████████████████████████████░░░░░░░░░░░░░░░░░░░░░░░░░░░░░░░░░░░░░░░░░░░░░░░░░░░░░░░░░░░░░░░░░░
 ·    8.0 KiB some-reasonably-long-file-name-c                                                                       25%
              ███████████████████████████░░░░░░░░░░░░░░░░░░░░░░░░░░░░░░░░░░░░░░░░░░░░░░░░░░░░░░░░░░░░░░░░░░░░░░░░░░░░░░░
 ·    4.0 KiB some-reasonably-long-file-name-b                                                                       12%
              █████████████░░░░░░░░░░░░░░░░░░░░░░░░░░░░░░░░░░░░░░░░░░░░░░░░░░░░░░░░░░░░░░░░░░░░░░░░░░░░░░░░░░░░░░░░░░░░░
 ·        0 B some-reasonably-long-file-name-a                                                                        0%
              ░░░░░░░░░░░░░░░░░░░░░░░░░░░░░░░░░░░░░░░░░░░░░░░░░░░░░░░░░░░░░░░░░░░░░░░░░░░░░░░░░░░░░░░░░░░░░░░░░░░░░░░░░░





















[1m↑↓[0m move  [1m→[0m open  [1m←[0m back  [1md[0m trash  [1mspace[0m mark  [1mi[0m info  [1m?[0m help  [1mq[0m quit                               sorted by size · desc